ASxxxx Linker V03.00/V05.40 + sdld,  page 1.
Hexadecimal  [32-Bits]

Area                       Addr        Size        Decimal Bytes (Attributes)
--------------------       ----        ----        ------- ----- ------------
.  .ABS.               00000000    00000000 =           0. bytes (ABS,CON)

        Value  Global            Value  Global            Value  Global    
        -----  ------            -----  ------            -----  ------    
     00000000  .__.ABS.  |    00000000  _rRAMG    |    00000000  l__BASE  
     00000000  l__BSS    |    00000000  l__CABS   |    00000000  l__CODE_0
     00000000  l__DABS   |    00000000  l__FONT_H |    00000000  l__HEADER
     00000000  l__HEADER |    00000000  l__HEAP   |    00000000  l__HEAP_E
     00000000  l__HRAM   |    00000000  l__LIT    |    00000000  s__CABS  
     00000000  s__DABS   |    00000000  s__FONT_H |    00000000  s__FONT_H
     00000000  s__HEADER |    00000000  s__HEADER |    00000000  s__HEADER
     00000000  s__HEADER |    00000000  s__HEADER |    00000000  s__HEADER
     00000000  s__HEADER |    00000000  s__HEADER |    00000000  s__HEADER
     00000000  s__HEADER |    00000000  s__HEADER |    00000000  s__HEADER
     00000000  s__HEADER |    00000000  s__HEADER |    00000000  s__HEADER
     00000000  s__HEADER |    00000000  s__HEADER |    00000000  s__HEADER
     00000000  s__HEADER |    00000000  s__HEADER |    00000000  s__HEADER
     00000000  s__HRAM   |    00000000  s__HRAM12 |    00000001  l__GSFINA
     00000001  l__HEADER |    00000001  l__HEADER |    00000001  l__HEADER
     00000001  l__HEADER |    00000001  l__HEADER |    00000001  l__HEADER
     00000001  l__HEADER |    00000002  l__HEADER |    00000002  l__HEADER
     00000002  l__HEADER |    00000003  l__FONT_H |    00000003  l__HEADER
     00000003  l__HEADER |    00000003  l__HRAM12 |    00000005  l__HEADER
     00000005  l__INITIA |    00000005  l__INITIA |    00000006  l__HEADER
     00000007  l__HEADER |    00000008  l__HEADER |    0000000C  l__GSINIT
     0000002F  l__DATA   |    00000030  l__HEADER |    0000005C  l__HEADER
     000000AF  l__HEADER |    0000013D  l__CODE   |    00000200  s__CODE  
     0000033D  s__HOME   |    00000B33  l__HOME   |    00000E70  s__BASE  
     00000E70  s__CODE_0 |    00000E70  s__INITIA |    00000E70  s__LIT   
     00000E75  s__GSINIT |    00000E81  s__GSFINA |    00002000  _rROMB0  
     00003000  _rROMB1   |    00004000  _rRAMB    |    00008000  __VRAM   
     00008000  __VRAM800 |    00008800  __VRAM880 |    00009000  __VRAM900
     00009800  __SCRN0   |    00009C00  __SCRN1   |    0000A000  __SRAM   
     0000C000  __RAM     |    0000C000  _shadow_O |    0000C0A0  s__DATA  
     0000C0CF  s__BSS    |    0000C0CF  s__INITIA |    0000C0D4  s__HEAP  
     0000C0D4  s__HEAP_E |    0000D000  __RAMBANK |    0000E000  .STACK   
     0000FE00  __OAMRAM  |    0000FF00  _P1_REG   |    0000FF00  __IO     
     0000FF01  _SB_REG   |    0000FF02  _SC_REG   |    0000FF04  _DIV_REG 
     0000FF05  _TIMA_REG |    0000FF06  _TMA_REG  |    0000FF07  _TAC_REG 
     0000FF0F  _IF_REG   |    0000FF10  _NR10_REG |    0000FF11  _NR11_REG
     0000FF12  _NR12_REG |    0000FF13  _NR13_REG |    0000FF14  _NR14_REG
     0000FF16  _NR21_REG |    0000FF17  _NR22_REG |    0000FF18  _NR23_REG
     0000FF19  _NR24_REG |    0000FF1A  _NR30_REG |    0000FF1B  _NR31_REG
     0000FF1C  _NR32_REG |    0000FF1D  _NR33_REG |    0000FF1E  _NR34_REG
     0000FF20  _NR41_REG |    0000FF21  _NR42_REG |    0000FF22  _NR43_REG
     0000FF23  _NR44_REG |    0000FF24  _NR50_REG |    0000FF25  _NR51_REG
     0000FF26  _NR52_REG |    0000FF30  _AUD3WAVE |    0000FF30  _PCM_SAMP
     0000FF30  __AUD3WAV |    0000FF40  _LCDC_REG |    0000FF41  _STAT_REG
     0000FF42  _SCY_REG  |    0000FF43  _SCX_REG  |    0000FF44  _LY_REG  
     0000FF45  _LYC_REG  |    0000FF46  _DMA_REG  |    0000FF47  _BGP_REG 
     0000FF48  _OBP0_REG |    0000FF49  _OBP1_REG |    0000FF4A  _WY_REG  
     0000FF4B  _WX_REG   |    0000FF4D  _KEY1_REG |    0000FF4F  _VBK_REG 
     0000FF51  _HDMA1_RE |    0000FF52  _HDMA2_RE |    0000FF53  _HDMA3_RE
     0000FF54  _HDMA4_RE |    0000FF55  _HDMA5_RE |    0000FF56  _RP_REG  
ASxxxx Linker V03.00/V05.40 + sdld,  page 2.
Hexadecimal  [32-Bits]

Area                       Addr        Size        Decimal Bytes (Attributes)
--------------------       ----        ----        ------- ----- ------------
.  .ABS.               00000000    00000000 =           0. bytes (ABS,CON)

        Value  Global            Value  Global            Value  Global    
        -----  ------            -----  ------            -----  ------    
     0000FF68  _BCPS_REG |    0000FF69  _BCPD_REG |    0000FF6A  _OCPS_REG
     0000FF6B  _OCPD_REG |    0000FF70  _SVBK_REG |    0000FF76  _PCM12_RE
     0000FF77  _PCM34_RE |    0000FF80  .refresh_ |    0000FF80  __HRAM   
     0000FFFF  _IE_REG  
ASxxxx Linker V03.00/V05.40 + sdld,  page 3.
Hexadecimal  [32-Bits]

Area                       Addr        Size        Decimal Bytes (Attributes)
--------------------       ----        ----        ------- ----- ------------
_CODE                  00000200    0000013D =         317. bytes (REL,CON)

        Value  Global            Value  Global            Value  Global    
        -----  ------            -----  ------            -----  ------    
     00000200  A$lcc7410 |    00000200  C$main.c$ |    00000200  G$main$0$
     00000200  _main     |    00000202  A$lcc7410 |    00000202  C$main.c$
     00000204  A$lcc7410 |    00000206  A$lcc7410 |    00000207  A$lcc7410
     00000208  A$lcc7410 |    00000208  C$main.c$ |    00000209  A$lcc7410
     0000020B  A$lcc7410 |    0000020C  A$lcc7410 |    0000020D  A$lcc7410
     0000020E  A$lcc7410 |    0000020E  C$main.c$ |    00000210  A$lcc7410
     00000212  A$lcc7410 |    00000213  A$lcc7410 |    00000214  A$lcc7410
     00000214  C$main.c$ |    00000215  A$lcc7410 |    00000217  A$lcc7410
     00000218  A$lcc7410 |    00000219  A$lcc7410 |    0000021A  A$lcc7410
     0000021A  C$main.c$ |    0000021D  A$lcc7410 |    0000021D  C$main.c$
     00000220  A$lcc7410 |    00000221  A$lcc7410 |    00000224  A$lcc7410
     00000225  A$lcc7410 |    00000226  A$lcc7410 |    00000229  A$lcc7410
     0000022A  A$lcc7410 |    0000022A  C$main.c$ |    0000022C  A$lcc7410
     0000022E  A$lcc7410 |    00000230  A$lcc7410 |    00000230  C$main.c$
     00000232  A$lcc7410 |    00000234  A$lcc7410 |    00000236  A$lcc7410
     00000236  C$main.c$ |    00000239  A$lcc7410 |    0000023A  A$lcc7410
     0000023C  A$lcc7410 |    0000023D  A$lcc7410 |    0000023E  A$lcc7410
     0000023F  A$lcc7410 |    00000240  A$lcc7410 |    00000241  A$lcc7410
     00000244  A$lcc7410 |    00000246  A$lcc7410 |    00000249  A$lcc7410
     0000024B  A$lcc7410 |    0000024E  A$lcc7410 |    00000250  A$lcc7410
     00000251  A$lcc7410 |    00000253  A$lcc7410 |    00000253  C$main.c$
     00000253  C$main.c$ |    00000256  A$lcc7410 |    00000258  A$lcc7410
     0000025A  A$lcc7410 |    0000025C  A$lcc7410 |    0000025D  A$lcc7410
     0000025F  A$lcc7410 |    00000260  A$lcc7410 |    00000263  A$lcc7410
     00000264  A$lcc7410 |    00000265  A$lcc7410 |    00000265  C$main.c$
     00000267  A$lcc7410 |    00000268  A$lcc7410 |    00000269  A$lcc7410
     00000269  C$main.c$ |    0000026A  A$lcc7410 |    0000026C  A$lcc7410
     0000026E  A$lcc7410 |    0000026F  A$lcc7410 |    00000270  A$lcc7410
     00000272  A$lcc7410 |    00000272  C$main.c$ |    00000274  A$lcc7410
     00000276  A$lcc7410 |    00000277  A$lcc7410 |    00000278  A$lcc7410
     00000279  A$lcc7410 |    00000279  C$main.c$ |    0000027C  A$lcc7410
     0000027E  A$lcc7410 |    00000280  A$lcc7410 |    00000282  A$lcc7410
     00000283  A$lcc7410 |    00000286  A$lcc7410 |    00000287  A$lcc7410
     00000287  C$main.c$ |    00000289  A$lcc7410 |    0000028A  A$lcc7410
     0000028C  A$lcc7410 |    0000028C  C$main.c$ |    0000028D  A$lcc7410
     0000028F  A$lcc7410 |    00000291  A$lcc7410 |    00000292  A$lcc7410
     00000293  A$lcc7410 |    00000295  A$lcc7410 |    00000295  C$main.c$
     00000297  A$lcc7410 |    00000299  A$lcc7410 |    0000029A  A$lcc7410
     0000029B  A$lcc7410 |    0000029C  A$lcc7410 |    0000029C  C$main.c$
     0000029F  A$lcc7410 |    000002A1  A$lcc7410 |    000002A3  A$lcc7410
     000002A3  C$main.c$ |    000002A5  A$lcc7410 |    000002A6  A$lcc7410
     000002A7  A$lcc7410 |    000002A8  A$lcc7410 |    000002A9  A$lcc7410
     000002AA  A$lcc7410 |    000002AB  A$lcc7410 |    000002AC  A$lcc7410
     000002AD  A$lcc7410 |    000002AD  C$main.c$ |    000002B0  A$lcc7410
     000002B2  A$lcc7410 |    000002B4  A$lcc7410 |    000002B4  C$main.c$
     000002B6  A$lcc7410 |    000002B7  A$lcc7410 |    000002B9  A$lcc7410
     000002BA  A$lcc7410 |    000002BB  A$lcc7410 |    000002BB  C$main.c$
     000002BE  A$lcc7410 |    000002C0  A$lcc7410 |    000002C2  A$lcc7410
     000002C2  C$main.c$ |    000002C4  A$lcc7410 |    000002C5  A$lcc7410
     000002C6  A$lcc7410 |    000002C7  A$lcc7410 |    000002C8  A$lcc7410
ASxxxx Linker V03.00/V05.40 + sdld,  page 4.
Hexadecimal  [32-Bits]

Area                       Addr        Size        Decimal Bytes (Attributes)
--------------------       ----        ----        ------- ----- ------------
_CODE                  00000200    0000013D =         317. bytes (REL,CON)

        Value  Global            Value  Global            Value  Global    
        -----  ------            -----  ------            -----  ------    
     000002C9  A$lcc7410 |    000002CA  A$lcc7410 |    000002CB  A$lcc7410
     000002CC  A$lcc7410 |    000002CC  C$main.c$ |    000002CF  A$lcc7410
     000002D0  A$lcc7410 |    000002D2  A$lcc7410 |    000002D2  C$main.c$
     000002D4  A$lcc7410 |    000002D5  A$lcc7410 |    000002D7  A$lcc7410
     000002D8  A$lcc7410 |    000002D9  A$lcc7410 |    000002D9  C$main.c$
     000002DC  A$lcc7410 |    000002DD  A$lcc7410 |    000002DF  A$lcc7410
     000002E1  A$lcc7410 |    000002E2  A$lcc7410 |    000002E3  A$lcc7410
     000002E4  A$lcc7410 |    000002E5  A$lcc7410 |    000002E8  A$lcc7410
     000002E9  A$lcc7410 |    000002EA  A$lcc7410 |    000002EB  A$lcc7410
     000002EB  C$main.c$ |    000002EE  A$lcc7410 |    000002F1  A$lcc7410
     000002F1  C$main.c$ |    000002F4  A$lcc7410 |    000002F4  C$main.c$
     000002F7  A$lcc7410 |    000002FA  A$lcc7410 |    000002FC  A$lcc7410
     000002FC  C$main.c$ |    000002FC  XG$main$0 |    000002FD  G$Test$0_
     000002FD  _Test    
ASxxxx Linker V03.00/V05.40 + sdld,  page 5.
Hexadecimal  [32-Bits]

Area                       Addr        Size        Decimal Bytes (Attributes)
--------------------       ----        ----        ------- ----- ------------
_HEADER0               00000000    00000001 =           1. bytes (ABS,CON)

        Value  Global            Value  Global            Value  Global    
        -----  ------            -----  ------            -----  ------    
     00000020  .call_hl 
ASxxxx Linker V03.00/V05.40 + sdld,  page 6.
Hexadecimal  [32-Bits]

Area                       Addr        Size        Decimal Bytes (Attributes)
--------------------       ----        ----        ------- ----- ------------
_HEADER1               00000000    00000005 =           5. bytes (ABS,CON)

        Value  Global            Value  Global            Value  Global    
        -----  ------            -----  ------            -----  ------    
     00000028  .MemsetSm
ASxxxx Linker V03.00/V05.40 + sdld,  page 7.
Hexadecimal  [32-Bits]

Area                       Addr        Size        Decimal Bytes (Attributes)
--------------------       ----        ----        ------- ----- ------------
_HEADER2               00000000    00000007 =           7. bytes (ABS,CON)

        Value  Global            Value  Global            Value  Global    
        -----  ------            -----  ------            -----  ------    
     00000030  .MemcpySm
ASxxxx Linker V03.00/V05.40 + sdld,  page 8.
Hexadecimal  [32-Bits]

Area                       Addr        Size        Decimal Bytes (Attributes)
--------------------       ----        ----        ------- ----- ------------
_HEADER3               00000000    00000008 =           8. bytes (ABS,CON)

        Value  Global            Value  Global            Value  Global    
        -----  ------            -----  ------            -----  ------    
ASxxxx Linker V03.00/V05.40 + sdld,  page 9.
Hexadecimal  [32-Bits]

Area                       Addr        Size        Decimal Bytes (Attributes)
--------------------       ----        ----        ------- ----- ------------
_HEADER4               00000000    0000005C =          92. bytes (ABS,CON)

        Value  Global            Value  Global            Value  Global    
        -----  ------            -----  ------            -----  ------    
     00000080  .int      |    0000008F  _wait_int |    0000009C  __standar
     000000AB  _refresh_ |    000000CC  .wait_vbl |    000000CC  _vsync   
     000000CC  _wait_vbl
ASxxxx Linker V03.00/V05.40 + sdld,  page 10.
Hexadecimal  [32-Bits]

Area                       Addr        Size        Decimal Bytes (Attributes)
--------------------       ----        ----        ------- ----- ------------
_HEADER5               00000000    00000001 =           1. bytes (ABS,CON)

        Value  Global            Value  Global            Value  Global    
        -----  ------            -----  ------            -----  ------    
ASxxxx Linker V03.00/V05.40 + sdld,  page 11.
Hexadecimal  [32-Bits]

Area                       Addr        Size        Decimal Bytes (Attributes)
--------------------       ----        ----        ------- ----- ------------
_HEADER6               00000000    00000002 =           2. bytes (ABS,CON)

        Value  Global            Value  Global            Value  Global    
        -----  ------            -----  ------            -----  ------    
ASxxxx Linker V03.00/V05.40 + sdld,  page 12.
Hexadecimal  [32-Bits]

Area                       Addr        Size        Decimal Bytes (Attributes)
--------------------       ----        ----        ------- ----- ------------
_HEADER7               00000000    00000030 =          48. bytes (ABS,CON)

        Value  Global            Value  Global            Value  Global    
        -----  ------            -----  ------            -----  ------    
ASxxxx Linker V03.00/V05.40 + sdld,  page 13.
Hexadecimal  [32-Bits]

Area                       Addr        Size        Decimal Bytes (Attributes)
--------------------       ----        ----        ------- ----- ------------
_HEADER8               00000000    00000006 =           6. bytes (ABS,CON)

        Value  Global            Value  Global            Value  Global    
        -----  ------            -----  ------            -----  ------    
ASxxxx Linker V03.00/V05.40 + sdld,  page 14.
Hexadecimal  [32-Bits]

Area                       Addr        Size        Decimal Bytes (Attributes)
--------------------       ----        ----        ------- ----- ------------
_HEADER9               00000000    00000003 =           3. bytes (ABS,CON)

        Value  Global            Value  Global            Value  Global    
        -----  ------            -----  ------            -----  ------    
ASxxxx Linker V03.00/V05.40 + sdld,  page 15.
Hexadecimal  [32-Bits]

Area                       Addr        Size        Decimal Bytes (Attributes)
--------------------       ----        ----        ------- ----- ------------
_HEADERa               00000000    00000001 =           1. bytes (ABS,CON)

        Value  Global            Value  Global            Value  Global    
        -----  ------            -----  ------            -----  ------    
ASxxxx Linker V03.00/V05.40 + sdld,  page 16.
Hexadecimal  [32-Bits]

Area                       Addr        Size        Decimal Bytes (Attributes)
--------------------       ----        ----        ------- ----- ------------
_HEADERb               00000000    00000001 =           1. bytes (ABS,CON)

        Value  Global            Value  Global            Value  Global    
        -----  ------            -----  ------            -----  ------    
ASxxxx Linker V03.00/V05.40 + sdld,  page 17.
Hexadecimal  [32-Bits]

Area                       Addr        Size        Decimal Bytes (Attributes)
--------------------       ----        ----        ------- ----- ------------
_HEADERc               00000000    00000001 =           1. bytes (ABS,CON)

        Value  Global            Value  Global            Value  Global    
        -----  ------            -----  ------            -----  ------    
ASxxxx Linker V03.00/V05.40 + sdld,  page 18.
Hexadecimal  [32-Bits]

Area                       Addr        Size        Decimal Bytes (Attributes)
--------------------       ----        ----        ------- ----- ------------
_HEADERd               00000000    00000002 =           2. bytes (ABS,CON)

        Value  Global            Value  Global            Value  Global    
        -----  ------            -----  ------            -----  ------    
ASxxxx Linker V03.00/V05.40 + sdld,  page 19.
Hexadecimal  [32-Bits]

Area                       Addr        Size        Decimal Bytes (Attributes)
--------------------       ----        ----        ------- ----- ------------
_HEADERe               00000000    00000001 =           1. bytes (ABS,CON)

        Value  Global            Value  Global            Value  Global    
        -----  ------            -----  ------            -----  ------    
ASxxxx Linker V03.00/V05.40 + sdld,  page 20.
Hexadecimal  [32-Bits]

Area                       Addr        Size        Decimal Bytes (Attributes)
--------------------       ----        ----        ------- ----- ------------
_HEADERf               00000000    00000001 =           1. bytes (ABS,CON)

        Value  Global            Value  Global            Value  Global    
        -----  ------            -----  ------            -----  ------    
ASxxxx Linker V03.00/V05.40 + sdld,  page 21.
Hexadecimal  [32-Bits]

Area                       Addr        Size        Decimal Bytes (Attributes)
--------------------       ----        ----        ------- ----- ------------
_HEADER10              00000000    00000002 =           2. bytes (ABS,CON)

        Value  Global            Value  Global            Value  Global    
        -----  ------            -----  ------            -----  ------    
ASxxxx Linker V03.00/V05.40 + sdld,  page 22.
Hexadecimal  [32-Bits]

Area                       Addr        Size        Decimal Bytes (Attributes)
--------------------       ----        ----        ------- ----- ------------
_HEADER11              00000000    000000AF =         175. bytes (ABS,CON)

        Value  Global            Value  Global            Value  Global    
        -----  ------            -----  ------            -----  ------    
     00000150  .reset    |    00000150  _reset    |    00000157  .code_sta
     000001B9  _exit     |    000001BD  _set_inte |    000001D1  .remove_V
     000001D1  _remove_V |    000001D4  .remove_i |    000001F1  .add_VBL 
     000001F1  _add_VBL  |    000001F4  .add_int 
ASxxxx Linker V03.00/V05.40 + sdld,  page 23.
Hexadecimal  [32-Bits]

Area                       Addr        Size        Decimal Bytes (Attributes)
--------------------       ----        ----        ------- ----- ------------
_HOME                  0000033D    00000B33 =        2867. bytes (REL,CON)

        Value  Global            Value  Global            Value  Global    
        -----  ------            -----  ------            -----  ------    
     0000033D  .memset_s |    00000346  .memcpy_s |    00000363  .display_
     00000363  _display_ |    0000037B  _font_loa |    00000382  font_load
     000003CA  font_copy |    00000400  font_set  |    0000040D  .put_char
     00000425  .out_char |    0000042B  .del_char |    00000481  _putchar 
     0000048A  _setchar  |    00000493  _font_loa |    000004A1  _font_set
     000004B0  _font_ini |    000004CF  .cls      |    000004CF  _cls     
     000004F1  _gotoxy   |    000004FC  _posx     |    0000050D  _posy    
     00000535  .cr_curs  |    0000054A  .adv_curs |    000005A6  .tmode   
     000005C3  .tmode_ou |    000005CC  _set_bkg_ |    000005CC  _set_win_
     000005D4  _set_spri |    0000062C  _font_spe |    000009AE  _set_tile
     000009B3  _set_bkg_ |    000009B3  _set_win_ |    000009BB  _set_spri
     000009EB  .padup    |    000009EB  _waitpadu |    000009FB  .jpad    
     000009FB  _joypad   |    00000A23  _waitpad  |    00000A24  .wait_pad
     00000A2B  _color    |    00000A2B  _set_1bpp |    00000A3A  .drawing_
     00000A57  _font_ibm |    00000E38  .add_LCD  |    00000E38  _add_LCD 
     00000E3E  .remove_L |    00000E3E  _remove_L |    00000E44  .delay   
     00000E44  _delay   
ASxxxx Linker V03.00/V05.40 + sdld,  page 24.
Hexadecimal  [32-Bits]

Area                       Addr        Size        Decimal Bytes (Attributes)
--------------------       ----        ----        ------- ----- ------------
_INITIALIZER           00000E70    00000005 =           5. bytes (REL,CON)

        Value  Global            Value  Global            Value  Global    
        -----  ------            -----  ------            -----  ------    
ASxxxx Linker V03.00/V05.40 + sdld,  page 25.
Hexadecimal  [32-Bits]

Area                       Addr        Size        Decimal Bytes (Attributes)
--------------------       ----        ----        ------- ----- ------------
_GSINIT                00000E75    0000000C =          12. bytes (REL,CON)

        Value  Global            Value  Global            Value  Global    
        -----  ------            -----  ------            -----  ------    
     00000E75  gsinit   
ASxxxx Linker V03.00/V05.40 + sdld,  page 26.
Hexadecimal  [32-Bits]

Area                       Addr        Size        Decimal Bytes (Attributes)
--------------------       ----        ----        ------- ----- ------------
_GSFINAL               00000E81    00000001 =           1. bytes (REL,CON)

        Value  Global            Value  Global            Value  Global    
        -----  ------            -----  ------            -----  ------    
ASxxxx Linker V03.00/V05.40 + sdld,  page 27.
Hexadecimal  [32-Bits]

Area                       Addr        Size        Decimal Bytes (Attributes)
--------------------       ----        ----        ------- ----- ------------
_DATA                  0000C0A0    0000002F =          47. bytes (REL,CON)

        Value  Global            Value  Global            Value  Global    
        -----  ------            -----  ------            -----  ------    
     0000C0A0  __cpu     |    0000C0A1  __is_GBA  |    0000C0A2  .mode    
     0000C0A3  .sys_time |    0000C0A3  _sys_time |    0000C0A5  .int_0x40
     0000C0B1  font_curr |    0000C0B4  font_firs |    0000C0B5  font_tabl
     0000C0C7  .int_0x48
ASxxxx Linker V03.00/V05.40 + sdld,  page 28.
Hexadecimal  [32-Bits]

Area                       Addr        Size        Decimal Bytes (Attributes)
--------------------       ----        ----        ------- ----- ------------
_INITIALIZED           0000C0CF    00000005 =           5. bytes (REL,CON)

        Value  Global            Value  Global            Value  Global    
        -----  ------            -----  ------            -----  ------    
     0000C0CF  .curx     |    0000C0D0  .cury     |    0000C0D1  .fg_colou
     0000C0D1  __current |    0000C0D2  .bg_colou |    0000C0D3  .draw_mod
ASxxxx Linker V03.00/V05.40 + sdld,  page 29.
Hexadecimal  [32-Bits]

Area                       Addr        Size        Decimal Bytes (Attributes)
--------------------       ----        ----        ------- ----- ------------
_HRAM12                00000000    00000003 =           3. bytes (ABS,CON)

        Value  Global            Value  Global            Value  Global    
        -----  ------            -----  ------            -----  ------    
     0000FF90  __current |    0000FF92  __shadow_
ASxxxx Linker V03.00/V05.40 + sdld,  page 30.
Hexadecimal  [32-Bits]

Area                       Addr        Size        Decimal Bytes (Attributes)
--------------------       ----        ----        ------- ----- ------------
_FONT_HEADER0          00000000    00000003 =           3. bytes (ABS,CON)

        Value  Global            Value  Global            Value  Global    
        -----  ------            -----  ------            -----  ------    
ASxxxx Linker V03.00/V05.40 + sdld,  page 31.
Hexadecimal  [32-Bits]

Area                       Addr        Size        Decimal Bytes (Attributes)
--------------------       ----        ----        ------- ----- ------------
_HEADER_LCD0           00000000    00000003 =           3. bytes (ABS,CON)

        Value  Global            Value  Global            Value  Global    
        -----  ------            -----  ------            -----  ------    
ASxxxx Linker V03.00/V05.40 + sdld,  page 32.

Files Linked                              [ module(s) ]

./gbdk/lib/gb/crt0.o                      [ Runtime ]
/var/folders/78/l4r9vvks3cscrp9mcvcwmwzr0000gn/T/lcc741000.o
                                          [ main ]


Libraries Linked                          [ object file ]

./gbdk/lib/gb/gb.lib                      [ font.o ]
./gbdk/lib/gb/gb.lib                      [ set_1bit_data.o ]
./gbdk/lib/gb/gb.lib                      [ f_spect.o ]
./gbdk/lib/gb/gb.lib                      [ set_data.o ]
./gbdk/lib/gb/gb.lib                      [ pad.o ]
./gbdk/lib/gb/gb.lib                      [ color.o ]
./gbdk/lib/gb/gb.lib                      [ drawing_isr.o ]
./gbdk/lib/gb/gb.lib                      [ f_ibm_sh.o ]
./gbdk/lib/gb/gb.lib                      [ lcd.o ]
./gbdk/lib/gb/gb.lib                      [ delay.o ]
./gbdk/lib/gb/gb.lib                      [ sfr.o ]

ASxxxx Linker V03.00/V05.40 + sdld,  page 33.

User Base Address Definitions

_DATA=0xC0A0
_CODE=0x0200
ASxxxx Linker V03.00/V05.40 + sdld,  page 34.

User Global Definitions

_shadow_OAM=0xC000
.STACK=0xE000
.refresh_OAM=0xFF80

